22:59:46 **** Clean-only build of configuration Debug for project 01_lcd_4bit ****
make -j4 clean 
rm -rf ./Startup/startup_stm32f103c8tx.d ./Startup/startup_stm32f103c8tx.o
rm -rf ./Src/main.cyclo ./Src/main.d ./Src/main.o ./Src/main.su ./Src/syscalls.cyclo ./Src/syscalls.d ./Src/syscalls.o ./Src/syscalls.su ./Src/sysmem.cyclo ./Src/sysmem.d ./Src/sysmem.o ./Src/sysmem.su
rm -rf 01_lcd_4bit.elf 01_lcd_4bit.list 01_lcd_4bit.map default.size.stdout
 
22:59:47 **** Incremental Build of configuration Debug for project 01_lcd_4bit ****
make -j4 all 
arm-none-eabi-gcc -mcpu=cortex-m3 -g3 -DDEBUG -c -x assembler-with-cpp -MMD -MP -MF"Startup/startup_stm32f103c8tx.d" -MT"Startup/startup_stm32f103c8tx.o" --specs=nano.specs -mfloat-abi=soft -mthumb -o "Startup/startup_stm32f103c8tx.o" "../Startup/startup_stm32f103c8tx.s"
arm-none-eabi-gcc "../Src/main.c" -mcpu=cortex-m3 -std=gnu11 -g3 -DDEBUG -DSTM32 -DSTM32F1 -DSTM32F103C8Tx -c -I../Inc -I"G:/Embedded/STM32-BareMetal_Programming/STM32F103C8-BareMetal_Workspace/STM32Cube_FW_F1_V1.8.0/Drivers/CMSIS/Include" -I"G:/Embedded/STM32-BareMetal_Programming/STM32F103C8-BareMetal_Workspace/STM32Cube_FW_F1_V1.8.0/Drivers/CMSIS/Device/ST/STM32F1xx/Include" -O0 -ffunction-sections -fdata-sections -Wall -fstack-usage -fcyclomatic-complexity -MMD -MP -MF"Src/main.d" -MT"Src/main.o" --specs=nano.specs -mfloat-abi=soft -mthumb -o "Src/main.o"
arm-none-eabi-gcc "../Src/syscalls.c" -mcpu=cortex-m3 -std=gnu11 -g3 -DDEBUG -DSTM32 -DSTM32F1 -DSTM32F103C8Tx -c -I../Inc -I"G:/Embedded/STM32-BareMetal_Programming/STM32F103C8-BareMetal_Workspace/STM32Cube_FW_F1_V1.8.0/Drivers/CMSIS/Include" -I"G:/Embedded/STM32-BareMetal_Programming/STM32F103C8-BareMetal_Workspace/STM32Cube_FW_F1_V1.8.0/Drivers/CMSIS/Device/ST/STM32F1xx/Include" -O0 -ffunction-sections -fdata-sections -Wall -fstack-usage -fcyclomatic-complexity -MMD -MP -MF"Src/syscalls.d" -MT"Src/syscalls.o" --specs=nano.specs -mfloat-abi=soft -mthumb -o "Src/syscalls.o"
arm-none-eabi-gcc "../Src/sysmem.c" -mcpu=cortex-m3 -std=gnu11 -g3 -DDEBUG -DSTM32 -DSTM32F1 -DSTM32F103C8Tx -c -I../Inc -I"G:/Embedded/STM32-BareMetal_Programming/STM32F103C8-BareMetal_Workspace/STM32Cube_FW_F1_V1.8.0/Drivers/CMSIS/Include" -I"G:/Embedded/STM32-BareMetal_Programming/STM32F103C8-BareMetal_Workspace/STM32Cube_FW_F1_V1.8.0/Drivers/CMSIS/Device/ST/STM32F1xx/Include" -O0 -ffunction-sections -fdata-sections -Wall -fstack-usage -fcyclomatic-complexity -MMD -MP -MF"Src/sysmem.d" -MT"Src/sysmem.o" --specs=nano.specs -mfloat-abi=soft -mthumb -o "Src/sysmem.o"
arm-none-eabi-gcc -o "01_lcd_4bit.elf" @"objects.list"   -mcpu=cortex-m3 -T"G:\Embedded\STM32-BareMetal_Programming\STM32F103C8-BareMetal_Workspace\01_lcd_4bit\STM32F103C8TX_FLASH.ld" --specs=nosys.specs -Wl,-Map="01_lcd_4bit.map" -Wl,--gc-sections -static --specs=nano.specs -mfloat-abi=soft -mthumb -Wl,--start-group -lc -lm -Wl,--end-group
Finished building target: 01_lcd_4bit.elf
 
arm-none-eabi-size  01_lcd_4bit.elf 
arm-none-eabi-objdump -h -S 01_lcd_4bit.elf  > "01_lcd_4bit.list"
   text	   data	    bss	    dec	    hex	filename
   1332	      0	   1568	   2900	    b54	01_lcd_4bit.elf
Finished building: default.size.stdout
 
Finished building: 01_lcd_4bit.list
 
arm-none-eabi-objcopy -O ihex 01_lcd_4bit.elf 01_lcd_4bit.hex
 
