15:37:36 **** Build of configuration Debug for project 03_gpio_BSRR ****
make -j4 all 
arm-none-eabi-gcc -mcpu=cortex-m4 -g3 -DDEBUG -c -x assembler-with-cpp -MMD -MP -MF"Startup/startup_stm32f411retx.d" -MT"Startup/startup_stm32f411retx.o" --specs=nano.specs -mfpu=fpv4-sp-d16 -mfloat-abi=hard -mthumb -o "Startup/startup_stm32f411retx.o" "../Startup/startup_stm32f411retx.s"
arm-none-eabi-gcc "../Src/main.c" -mcpu=cortex-m4 -std=gnu11 -g3 -DDEBUG -DSTM32 -DSTM32F4 -DSTM32F411RETx -DSTM32F411xE -c -I../Inc -I"G:/Embedded/STM32-BareMetal_Programming/Chip_headers/CMSIS/Device/ST/STM32F4xx/Include" -I"G:/Embedded/STM32-BareMetal_Programming/Chip_headers/CMSIS/Include" -O0 -ffunction-sections -fdata-sections -Wall -fstack-usage -fcyclomatic-complexity -MMD -MP -MF"Src/main.d" -MT"Src/main.o" --specs=nano.specs -mfpu=fpv4-sp-d16 -mfloat-abi=hard -mthumb -o "Src/main.o"
arm-none-eabi-gcc "../Src/syscalls.c" -mcpu=cortex-m4 -std=gnu11 -g3 -DDEBUG -DSTM32 -DSTM32F4 -DSTM32F411RETx -DSTM32F411xE -c -I../Inc -I"G:/Embedded/STM32-BareMetal_Programming/Chip_headers/CMSIS/Device/ST/STM32F4xx/Include" -I"G:/Embedded/STM32-BareMetal_Programming/Chip_headers/CMSIS/Include" -O0 -ffunction-sections -fdata-sections -Wall -fstack-usage -fcyclomatic-complexity -MMD -MP -MF"Src/syscalls.d" -MT"Src/syscalls.o" --specs=nano.specs -mfpu=fpv4-sp-d16 -mfloat-abi=hard -mthumb -o "Src/syscalls.o"
arm-none-eabi-gcc "../Src/sysmem.c" -mcpu=cortex-m4 -std=gnu11 -g3 -DDEBUG -DSTM32 -DSTM32F4 -DSTM32F411RETx -DSTM32F411xE -c -I../Inc -I"G:/Embedded/STM32-BareMetal_Programming/Chip_headers/CMSIS/Device/ST/STM32F4xx/Include" -I"G:/Embedded/STM32-BareMetal_Programming/Chip_headers/CMSIS/Include" -O0 -ffunction-sections -fdata-sections -Wall -fstack-usage -fcyclomatic-complexity -MMD -MP -MF"Src/sysmem.d" -MT"Src/sysmem.o" --specs=nano.specs -mfpu=fpv4-sp-d16 -mfloat-abi=hard -mthumb -o "Src/sysmem.o"
arm-none-eabi-gcc -o "03_gpio_BSRR.elf" @"objects.list"   -mcpu=cortex-m4 -T"G:\Embedded\STM32-BareMetal_Programming\STM32F411-BareMetal_Workspace\03_gpio_BSRR\STM32F411RETX_FLASH.ld" --specs=nosys.specs -Wl,-Map="03_gpio_BSRR.map" -Wl,--gc-sections -static --specs=nano.specs -mfpu=fpv4-sp-d16 -mfloat-abi=hard -mthumb -Wl,--start-group -lc -lm -Wl,--end-group
Finished building target: 03_gpio_BSRR.elf
 
arm-none-eabi-size  03_gpio_BSRR.elf 
arm-none-eabi-objdump -h -S 03_gpio_BSRR.elf  > "03_gpio_BSRR.list"
   text	   data	    bss	    dec	    hex	filename
    748	      0	   1568	   2316	    90c	03_gpio_BSRR.elf
Finished building: default.size.stdout
 
Finished building: 03_gpio_BSRR.list
 

15:37:39 Build Finished. 0 errors, 0 warnings. (took 3s.444ms)

