16:48:23 **** Build of configuration Debug for project 06_UART_printf ****
make -j4 all 
arm-none-eabi-gcc "../Src/main.c" -mcpu=cortex-m4 -std=gnu11 -g3 -DDEBUG -DSTM32 -DSTM32F4 -DSTM32F411RETx -DSTM32F411xE -c -I../Inc -I"G:/Embedded/STM32-BareMetal_Programming/Chip_headers/CMSIS/Device/ST/STM32F4xx/Include" -I"G:/Embedded/STM32-BareMetal_Programming/Chip_headers/CMSIS/Include" -O0 -ffunction-sections -fdata-sections -Wall -fstack-usage -fcyclomatic-complexity -MMD -MP -MF"Src/main.d" -MT"Src/main.o" --specs=nano.specs -mfpu=fpv4-sp-d16 -mfloat-abi=hard -mthumb -o "Src/main.o"
arm-none-eabi-gcc -o "06_UART_printf.elf" @"objects.list"   -mcpu=cortex-m4 -T"G:\Embedded\STM32-BareMetal_Programming\STM32F411-BareMetal_Workspace\06_UART_printf\STM32F411RETX_FLASH.ld" --specs=nosys.specs -Wl,-Map="06_UART_printf.map" -Wl,--gc-sections -static --specs=nano.specs -mfpu=fpv4-sp-d16 -mfloat-abi=hard -mthumb -Wl,--start-group -lc -lm -Wl,--end-group
Finished building target: 06_UART_printf.elf
 
arm-none-eabi-size  06_UART_printf.elf 
arm-none-eabi-objdump -h -S 06_UART_printf.elf  > "06_UART_printf.list"
   text	   data	    bss	    dec	    hex	filename
   5148	     92	   1900	   7140	   1be4	06_UART_printf.elf
Finished building: default.size.stdout
 
Finished building: 06_UART_printf.list
 

16:48:27 Build Finished. 0 errors, 0 warnings. (took 3s.853ms)

