14:05:40 **** Build of configuration Debug for project 19_Timer2_Interrupt ****
make -j4 all 
arm-none-eabi-gcc -mcpu=cortex-m4 -g3 -DDEBUG -c -x assembler-with-cpp -MMD -MP -MF"Startup/startup_stm32f411retx.d" -MT"Startup/startup_stm32f411retx.o" --specs=nano.specs -mfpu=fpv4-sp-d16 -mfloat-abi=hard -mthumb -o "Startup/startup_stm32f411retx.o" "../Startup/startup_stm32f411retx.s"
arm-none-eabi-gcc "../Src/main.c" -mcpu=cortex-m4 -std=gnu11 -g3 -DDEBUG -DSTM32 -DSTM32F4 -DSTM32F411RETx -DSTM32F411xE -c -I../Inc -I"G:/Embedded/STM32-BareMetal_Programming/Chip_headers/CMSIS/Device/ST/STM32F4xx/Include" -I"G:/Embedded/STM32-BareMetal_Programming/Chip_headers/CMSIS/Include" -O0 -ffunction-sections -fdata-sections -Wall -fstack-usage -fcyclomatic-complexity -MMD -MP -MF"Src/main.d" -MT"Src/main.o" --specs=nano.specs -mfpu=fpv4-sp-d16 -mfloat-abi=hard -mthumb -o "Src/main.o"
arm-none-eabi-gcc "../Src/syscalls.c" -mcpu=cortex-m4 -std=gnu11 -g3 -DDEBUG -DSTM32 -DSTM32F4 -DSTM32F411RETx -DSTM32F411xE -c -I../Inc -I"G:/Embedded/STM32-BareMetal_Programming/Chip_headers/CMSIS/Device/ST/STM32F4xx/Include" -I"G:/Embedded/STM32-BareMetal_Programming/Chip_headers/CMSIS/Include" -O0 -ffunction-sections -fdata-sections -Wall -fstack-usage -fcyclomatic-complexity -MMD -MP -MF"Src/syscalls.d" -MT"Src/syscalls.o" --specs=nano.specs -mfpu=fpv4-sp-d16 -mfloat-abi=hard -mthumb -o "Src/syscalls.o"
arm-none-eabi-gcc "../Src/sysmem.c" -mcpu=cortex-m4 -std=gnu11 -g3 -DDEBUG -DSTM32 -DSTM32F4 -DSTM32F411RETx -DSTM32F411xE -c -I../Inc -I"G:/Embedded/STM32-BareMetal_Programming/Chip_headers/CMSIS/Device/ST/STM32F4xx/Include" -I"G:/Embedded/STM32-BareMetal_Programming/Chip_headers/CMSIS/Include" -O0 -ffunction-sections -fdata-sections -Wall -fstack-usage -fcyclomatic-complexity -MMD -MP -MF"Src/sysmem.d" -MT"Src/sysmem.o" --specs=nano.specs -mfpu=fpv4-sp-d16 -mfloat-abi=hard -mthumb -o "Src/sysmem.o"
arm-none-eabi-gcc "../Src/tim.c" -mcpu=cortex-m4 -std=gnu11 -g3 -DDEBUG -DSTM32 -DSTM32F4 -DSTM32F411RETx -DSTM32F411xE -c -I../Inc -I"G:/Embedded/STM32-BareMetal_Programming/Chip_headers/CMSIS/Device/ST/STM32F4xx/Include" -I"G:/Embedded/STM32-BareMetal_Programming/Chip_headers/CMSIS/Include" -O0 -ffunction-sections -fdata-sections -Wall -fstack-usage -fcyclomatic-complexity -MMD -MP -MF"Src/tim.d" -MT"Src/tim.o" --specs=nano.specs -mfpu=fpv4-sp-d16 -mfloat-abi=hard -mthumb -o "Src/tim.o"
arm-none-eabi-gcc -o "19_Timer2_Interrupt.elf" @"objects.list"   -mcpu=cortex-m4 -T"G:\Embedded\STM32-BareMetal_Programming\STM32F411-BareMetal_Workspace\19_Timer2_Interrupt\STM32F411RETX_FLASH.ld" --specs=nosys.specs -Wl,-Map="19_Timer2_Interrupt.map" -Wl,--gc-sections -static --specs=nano.specs -mfpu=fpv4-sp-d16 -mfloat-abi=hard -mthumb -Wl,--start-group -lc -lm -Wl,--end-group
Finished building target: 19_Timer2_Interrupt.elf
 
arm-none-eabi-size  19_Timer2_Interrupt.elf 
arm-none-eabi-objdump -h -S 19_Timer2_Interrupt.elf  > "19_Timer2_Interrupt.list"
   text	   data	    bss	    dec	    hex	filename
    920	      0	   1568	   2488	    9b8	19_Timer2_Interrupt.elf
Finished building: default.size.stdout
 
Finished building: 19_Timer2_Interrupt.list
 
